// Jest Snapshot v1, https://goo.gl/fbAQLP

exports[`Event Details Component should render correctly 1`] = `null`;
